--- USCITA PREMATURA - GID: 13 ---
Nome: Cristina Consumi
Età (Sim): 11 anni, 6 mesi e 3 giorni
Sesso: Donna
Club Finale: Libero
Fisico: 170 cm / 81 kg
Flags: P
Scoperto (Sim): 2025-04-15 12:05
Scoperto (Reale): 2025-04-15 12:05
Versione Creazione: 25.4.15.A
Evento (Sim): 2025-07-06 20:11
Evento (Reale): 2025-05-15 22:08:17
Stats Partite: G=0, V=0
Stats Sets: G=0, V=0
Stats Goals: F=0, S=0
XP Finali: 0
ICV Finale: 139.67
--------------------------------------------------
--- USCITA PREMATURA - GID: 1 ---
Nome: Olimpia Fusacchi
Età (Sim): 30 anni, 9 mesi e 6 giorni
Sesso: Donna
Club Finale: Libero
Fisico: 176 cm / 85 kg
Flags: P
Scoperto (Sim): 2025-04-15 12:05
Scoperto (Reale): 2025-04-15 12:05
Versione Creazione: 25.4.15.A
Evento (Sim): 2025-12-17 20:11
Evento (Reale): 2025-07-09 19:41:12
Stats Partite: G=0, V=0
Stats Sets: G=0, V=0
Stats Goals: F=0, S=0
XP Finali: 0
ICV Finale: 104.07
--------------------------------------------------
--- USCITA PREMATURA - GID: 32 ---
Nome: Giorgio Polveri
Età (Sim): 15 anni, 6 mesi e 8 giorni
Sesso: Uomo
Club Finale: Libero
Fisico: 182 cm / 94 kg
Flags: P
Scoperto (Sim): 2025-04-15 12:05
Scoperto (Reale): 2025-04-15 12:05
Versione Creazione: 25.4.15.A
Evento (Sim): 2025-12-17 20:11
Evento (Reale): 2025-07-09 19:41:12
Stats Partite: G=0, V=0
Stats Sets: G=0, V=0
Stats Goals: F=0, S=0
XP Finali: 0
ICV Finale: 132.22
--------------------------------------------------
--- USCITA PREMATURA - GID: 67 ---
Nome: Vladimiro Mela
Età (Sim): 21 anni, 3 mesi e 6 giorni
Sesso: Uomo
Club Finale: Libero
Fisico: 176 cm / 71 kg
Flags: Nessuno
Scoperto (Sim): 2025-04-18 20:11
Scoperto (Reale): 2025-04-17 10:43
Versione Creazione: 25.4.16.B
Evento (Sim): 2025-12-17 20:11
Evento (Reale): 2025-07-09 19:41:12
Stats Partite: G=0, V=0
Stats Sets: G=0, V=0
Stats Goals: F=0, S=0
XP Finali: 0
ICV Finale: 111.72
--------------------------------------------------
--- USCITA PREMATURA - GID: 123 ---
Nome: Lodovica Shianna
Età (Sim): 19 anni, 2 mesi e 3 giorni
Sesso: Donna
Club Finale: Libero
Fisico: 145 cm / 35 kg
Flags: P
Scoperto (Sim): 2025-05-03 20:11
Scoperto (Reale): 2025-04-24 08:25
Versione Creazione: 25.4.23
Evento (Sim): 2025-12-17 20:11
Evento (Reale): 2025-07-09 19:41:12
Stats Partite: G=0, V=0
Stats Sets: G=0, V=0
Stats Goals: F=0, S=0
XP Finali: 0
ICV Finale: 148.26
--------------------------------------------------
--- USCITA PREMATURA - GID: 126 ---
Nome: Eleonora Di Vaio
Età (Sim): 29 anni, 1 mese e 2 giorni
Sesso: Donna
Club Finale: Libero
Fisico: 164 cm / 52 kg
Flags: P
Scoperto (Sim): 2025-05-03 20:11
Scoperto (Reale): 2025-04-24 08:25
Versione Creazione: 25.4.23
Evento (Sim): 2025-12-17 20:11
Evento (Reale): 2025-07-09 19:41:12
Stats Partite: G=0, V=0
Stats Sets: G=0, V=0
Stats Goals: F=0, S=0
XP Finali: 0
ICV Finale: 136.50
--------------------------------------------------
